<html>
<body>
<pre>
<h1>µVision Build Log</h1>
<h2>Project:</h2>
C:\Users\Jesus\Desktop\Stepper_Motor\stepper-motor\stepper-motor\StepperMotor.uvproj
Project File Date:  04/27/2018

<h2>Output:</h2>
Rebuild target 'Stepper_Motor'
assembling startup.s...
compiling StepperTestMain.c...
StepperTestMain.c(51): warning:  #177-D: variable "i" was declared but never referenced
        unsigned int i=0;
StepperTestMain.c: 1 warning, 0 errors
compiling stepper.c...
compiling SysTick.c...
linking...
Program Size: Code=2100 RO-data=44 RW-data=24 ZI-data=1120  
".\StepperMotor.axf" - 0 Error(s), 1 Warning(s).
Load "C:\\Users\\Jesus\\Desktop\\Stepper_Motor\\stepper-motor\\stepper-motor\\StepperMotor.axf" 
Connecting: Mode=JTAG, Speed=1000000Hz
Erase Done.
Programming Done.
Verify OK.
